[debug] [2025-12-13T02:01:03.263Z] ----------------------------------------------------------------------
[debug] [2025-12-13T02:01:03.264Z] Command:       /usr/local/bin/node /Users/johnathanmo/.npm-global/bin/firebase deploy --only functions
[debug] [2025-12-13T02:01:03.265Z] CLI Version:   15.0.0
[debug] [2025-12-13T02:01:03.265Z] Platform:      darwin
[debug] [2025-12-13T02:01:03.265Z] Node Version:  v20.9.0
[debug] [2025-12-13T02:01:03.265Z] Time:          Fri Dec 12 2025 21:01:03 GMT-0500 (Eastern Standard Time)
[debug] [2025-12-13T02:01:03.265Z] ----------------------------------------------------------------------
[debug] 
[debug] [2025-12-13T02:01:04.281Z] > command requires scopes: ["email","openid","https://www.googleapis.com/auth/cloudplatformprojects.readonly","https://www.googleapis.com/auth/firebase","https://www.googleapis.com/auth/cloud-platform"]
[debug] [2025-12-13T02:01:04.281Z] > authorizing via signed-in user (2023johnathanmo@gmail.com)
[debug] [2025-12-13T02:01:04.281Z] [iam] checking project coop-slaythespire for permissions ["cloudfunctions.functions.create","cloudfunctions.functions.delete","cloudfunctions.functions.get","cloudfunctions.functions.list","cloudfunctions.functions.update","cloudfunctions.operations.get","firebase.projects.get"]
[debug] [2025-12-13T02:01:04.281Z] Checked if tokens are valid: false, expires at: 1765573736982
[debug] [2025-12-13T02:01:04.282Z] Checked if tokens are valid: false, expires at: 1765573736982
[debug] [2025-12-13T02:01:04.282Z] > refreshing access token with scopes: []
[debug] [2025-12-13T02:01:04.283Z] >>> [apiv2][query] POST https://www.googleapis.com/oauth2/v3/token [none]
[debug] [2025-12-13T02:01:04.283Z] >>> [apiv2][body] POST https://www.googleapis.com/oauth2/v3/token [omitted]
[debug] [2025-12-13T02:01:04.542Z] <<< [apiv2][status] POST https://www.googleapis.com/oauth2/v3/token 200
[debug] [2025-12-13T02:01:04.542Z] <<< [apiv2][body] POST https://www.googleapis.com/oauth2/v3/token [omitted]
[debug] [2025-12-13T02:01:04.566Z] >>> [apiv2][query] POST https://cloudresourcemanager.googleapis.com/v1/projects/coop-slaythespire:testIamPermissions [none]
[debug] [2025-12-13T02:01:04.566Z] >>> [apiv2][(partial)header] POST https://cloudresourcemanager.googleapis.com/v1/projects/coop-slaythespire:testIamPermissions x-goog-quota-user=projects/coop-slaythespire
[debug] [2025-12-13T02:01:04.567Z] >>> [apiv2][body] POST https://cloudresourcemanager.googleapis.com/v1/projects/coop-slaythespire:testIamPermissions {"permissions":["cloudfunctions.functions.create","cloudfunctions.functions.delete","cloudfunctions.functions.get","cloudfunctions.functions.list","cloudfunctions.functions.update","cloudfunctions.operations.get","firebase.projects.get"]}
[debug] [2025-12-13T02:01:04.666Z] <<< [apiv2][status] POST https://cloudresourcemanager.googleapis.com/v1/projects/coop-slaythespire:testIamPermissions 200
[debug] [2025-12-13T02:01:04.666Z] <<< [apiv2][body] POST https://cloudresourcemanager.googleapis.com/v1/projects/coop-slaythespire:testIamPermissions {"permissions":["cloudfunctions.functions.create","cloudfunctions.functions.delete","cloudfunctions.functions.get","cloudfunctions.functions.list","cloudfunctions.functions.update","cloudfunctions.operations.get","firebase.projects.get"]}
[debug] [2025-12-13T02:01:04.667Z] Checked if tokens are valid: true, expires at: 1765594863542
[debug] [2025-12-13T02:01:04.667Z] Checked if tokens are valid: true, expires at: 1765594863542
[debug] [2025-12-13T02:01:04.667Z] >>> [apiv2][query] POST https://iam.googleapis.com/v1/projects/coop-slaythespire/serviceAccounts/coop-slaythespire@appspot.gserviceaccount.com:testIamPermissions [none]
[debug] [2025-12-13T02:01:04.667Z] >>> [apiv2][body] POST https://iam.googleapis.com/v1/projects/coop-slaythespire/serviceAccounts/coop-slaythespire@appspot.gserviceaccount.com:testIamPermissions {"permissions":["iam.serviceAccounts.actAs"]}
[debug] [2025-12-13T02:01:04.862Z] <<< [apiv2][status] POST https://iam.googleapis.com/v1/projects/coop-slaythespire/serviceAccounts/coop-slaythespire@appspot.gserviceaccount.com:testIamPermissions 200
[debug] [2025-12-13T02:01:04.862Z] <<< [apiv2][body] POST https://iam.googleapis.com/v1/projects/coop-slaythespire/serviceAccounts/coop-slaythespire@appspot.gserviceaccount.com:testIamPermissions {"permissions":["iam.serviceAccounts.actAs"]}
[info] 
[info] === Deploying to 'coop-slaythespire'...
[info] 
[info] i  deploying functions 
[debug] [2025-12-13T02:01:04.864Z] Checked if tokens are valid: true, expires at: 1765594863542
[debug] [2025-12-13T02:01:04.864Z] Checked if tokens are valid: true, expires at: 1765594863542
[debug] [2025-12-13T02:01:04.864Z] >>> [apiv2][query] GET https://cloudresourcemanager.googleapis.com/v1/projects/coop-slaythespire [none]
[debug] [2025-12-13T02:01:05.004Z] <<< [apiv2][status] GET https://cloudresourcemanager.googleapis.com/v1/projects/coop-slaythespire 200
[debug] [2025-12-13T02:01:05.004Z] <<< [apiv2][body] GET https://cloudresourcemanager.googleapis.com/v1/projects/coop-slaythespire {"projectNumber":"783879862672","projectId":"coop-slaythespire","lifecycleState":"ACTIVE","name":"coop-slaythespire","labels":{"firebase":"enabled","firebase-core":"disabled"},"createTime":"2025-11-13T22:12:10.550649Z"}
[info] i  functions: preparing codebase default for deployment 
[info] i  functions: ensuring required API cloudfunctions.googleapis.com is enabled... 
[info] i  functions: ensuring required API cloudbuild.googleapis.com is enabled... 
[info] i  artifactregistry: ensuring required API artifactregistry.googleapis.com is enabled... 
[debug] [2025-12-13T02:01:05.005Z] Checked if tokens are valid: true, expires at: 1765594863542
[debug] [2025-12-13T02:01:05.005Z] Checked if tokens are valid: true, expires at: 1765594863542
[debug] [2025-12-13T02:01:05.005Z] >>> [apiv2][query] GET https://firebase.googleapis.com/v1beta1/projects/coop-slaythespire/adminSdkConfig [none]
[debug] [2025-12-13T02:01:05.338Z] <<< [apiv2][status] GET https://firebase.googleapis.com/v1beta1/projects/coop-slaythespire/adminSdkConfig 200
[debug] [2025-12-13T02:01:05.339Z] <<< [apiv2][body] GET https://firebase.googleapis.com/v1beta1/projects/coop-slaythespire/adminSdkConfig {"projectId":"coop-slaythespire","storageBucket":"coop-slaythespire.firebasestorage.app"}
[debug] [2025-12-13T02:01:05.339Z] Checked if tokens are valid: true, expires at: 1765594863542
[debug] [2025-12-13T02:01:05.339Z] Checked if tokens are valid: true, expires at: 1765594863542
[debug] [2025-12-13T02:01:05.339Z] >>> [apiv2][query] GET https://runtimeconfig.googleapis.com/v1beta1/projects/coop-slaythespire/configs [none]
[debug] [2025-12-13T02:01:05.541Z] <<< [apiv2][status] GET https://runtimeconfig.googleapis.com/v1beta1/projects/coop-slaythespire/configs 200
[debug] [2025-12-13T02:01:05.541Z] <<< [apiv2][body] GET https://runtimeconfig.googleapis.com/v1beta1/projects/coop-slaythespire/configs {}
[debug] [2025-12-13T02:01:05.542Z] Validating nodejs source
[warn] ⚠  functions: package.json indicates an outdated version of firebase-functions. Please upgrade using npm install --save firebase-functions@latest in your functions directory. 
[warn] ⚠  functions: Please note that there will be breaking changes when you upgrade. 
[debug] [2025-12-13T02:01:05.947Z] > [functions] package.json contents: {
  "name": "functions",
  "description": "Cloud Functions for Firebase",
  "scripts": {
    "serve": "firebase emulators:start --only functions",
    "shell": "firebase functions:shell",
    "start": "npm run shell",
    "deploy": "firebase deploy --only functions",
    "logs": "firebase functions:log"
  },
  "engines": {
    "node": "20"
  },
  "main": "index.js",
  "dependencies": {
    "firebase-admin": "^12.0.0",
    "firebase-functions": "^4.5.0"
  }
}
[debug] [2025-12-13T02:01:05.947Z] Building nodejs source
[info] i  functions: Loading and analyzing source code for codebase default to determine what to deploy 
[info] i  functions: You are using a version of firebase-functions SDK (4.9.0) that does not have support for the newest Firebase Extensions features. Please update firebase-functions SDK to >=5.1.0 to use them correctly 
[debug] [2025-12-13T02:01:05.947Z] Could not find functions.yaml. Must use http discovery
[debug] [2025-12-13T02:01:05.955Z] Found firebase-functions binary at '/Users/johnathanmo/oxcaml-2/functions/node_modules/.bin/firebase-functions'
[info] Serving at port 8130

[debug] [2025-12-13T02:01:06.475Z] Got response from /__/functions.yaml {"endpoints":{"sendNotification":{"availableMemoryMb":null,"timeoutSeconds":null,"minInstances":null,"maxInstances":null,"ingressSettings":null,"concurrency":null,"serviceAccountEmail":null,"vpc":null,"platform":"gcfv2","labels":{},"eventTrigger":{"eventType":"google.cloud.firestore.document.v1.created","eventFilters":{"database":"(default)","namespace":"(default)"},"eventFilterPathPatterns":{"document":"notificationRequests/{docId}"},"retry":false},"entryPoint":"sendNotification"}},"specVersion":"v1alpha1","requiredAPIs":[]}
[info] i  functions: preparing functions directory for uploading... 
[info] i  functions: packaged /Users/johnathanmo/oxcaml-2/functions (31.04 KB) for uploading 
[debug] [2025-12-13T02:01:11.518Z] Checked if tokens are valid: true, expires at: 1765594863542
[debug] [2025-12-13T02:01:11.518Z] Checked if tokens are valid: true, expires at: 1765594863542
[debug] [2025-12-13T02:01:11.518Z] >>> [apiv2][query] GET https://cloudfunctions.googleapis.com/v1/projects/coop-slaythespire/locations/-/functions [none]
[debug] [2025-12-13T02:01:12.153Z] <<< [apiv2][status] GET https://cloudfunctions.googleapis.com/v1/projects/coop-slaythespire/locations/-/functions 200
[debug] [2025-12-13T02:01:12.153Z] <<< [apiv2][body] GET https://cloudfunctions.googleapis.com/v1/projects/coop-slaythespire/locations/-/functions {}
[debug] [2025-12-13T02:01:12.154Z] Checked if tokens are valid: true, expires at: 1765594863542
[debug] [2025-12-13T02:01:12.154Z] Checked if tokens are valid: true, expires at: 1765594863542
[debug] [2025-12-13T02:01:12.154Z] >>> [apiv2][query] GET https://cloudfunctions.googleapis.com/v2/projects/coop-slaythespire/locations/-/functions filter=environment%3D%22GEN_2%22
[debug] [2025-12-13T02:01:12.684Z] <<< [apiv2][status] GET https://cloudfunctions.googleapis.com/v2/projects/coop-slaythespire/locations/-/functions 200
[debug] [2025-12-13T02:01:12.684Z] <<< [apiv2][body] GET https://cloudfunctions.googleapis.com/v2/projects/coop-slaythespire/locations/-/functions {"functions":[{"name":"projects/coop-slaythespire/locations/us-central1/functions/sendNotification","buildConfig":{"build":"projects/783879862672/locations/us-central1/builds/9f201ef6-f265-4e5f-8f80-26fcb751ccbf","runtime":"nodejs20","entryPoint":"sendNotification","source":{"storageSource":{"bucket":"gcf-v2-sources-783879862672-us-central1","object":"sendNotification/function-source.zip","generation":"1765425174781740"}},"environmentVariables":{"GOOGLE_NODE_RUN_SCRIPTS":""},"dockerRepository":"projects/coop-slaythespire/locations/us-central1/repositories/gcf-artifacts","sourceProvenance":{"resolvedStorageSource":{"bucket":"gcf-v2-sources-783879862672-us-central1","object":"sendNotification/function-source.zip","generation":"1765425174781740"}},"dockerRegistry":"ARTIFACT_REGISTRY","serviceAccount":"projects/coop-slaythespire/serviceAccounts/783879862672-compute@developer.gserviceaccount.com","automaticUpdatePolicy":{}},"serviceConfig":{"service":"projects/coop-slaythespire/locations/us-central1/services/sendnotification","timeoutSeconds":60,"environmentVariables":{"FIREBASE_CONFIG":"{\"projectId\":\"coop-slaythespire\",\"storageBucket\":\"coop-slaythespire.firebasestorage.app\"}","GCLOUD_PROJECT":"coop-slaythespire","EVENTARC_CLOUD_EVENT_SOURCE":"projects/coop-slaythespire/locations/us-central1/services/sendNotification","FUNCTION_SIGNATURE_TYPE":"cloudevent","FUNCTION_TARGET":"sendNotification","LOG_EXECUTION_ID":"true"},"maxInstanceCount":20,"ingressSettings":"ALLOW_ALL","uri":"https://sendnotification-bjf2sdznfa-uc.a.run.app","serviceAccountEmail":"783879862672-compute@developer.gserviceaccount.com","availableMemory":"256Mi","allTrafficOnLatestRevision":true,"revision":"sendnotification-00001-wuj","maxInstanceRequestConcurrency":80,"availableCpu":"1"},"eventTrigger":{"trigger":"projects/coop-slaythespire/locations/nam5/triggers/sendnotification-332346","triggerRegion":"nam5","eventType":"google.cloud.firestore.document.v1.created","eventFilters":[{"attribute":"database","value":"(default)"},{"attribute":"namespace","value":"(default)"},{"attribute":"document","value":"notificationRequests/{docId}","operator":"match-path-pattern"}],"pubsubTopic":"projects/coop-slaythespire/topics/eventarc-nam5-sendnotification-332346-462","serviceAccountEmail":"783879862672-compute@developer.gserviceaccount.com","retryPolicy":"RETRY_POLICY_DO_NOT_RETRY"},"state":"ACTIVE","updateTime":"2025-12-11T03:54:28.837519622Z","labels":{"deployment-tool":"cli-firebase","firebase-functions-hash":"cab180fe73a6d82ab5667fc61bda3a145f3428a7"},"environment":"GEN_2","url":"https://us-central1-coop-slaythespire.cloudfunctions.net/sendNotification","createTime":"2025-12-11T03:52:55.478583042Z","satisfiesPzi":true}]}
[debug] [2025-12-13T02:01:12.686Z] Checked if tokens are valid: true, expires at: 1765594863542
[debug] [2025-12-13T02:01:12.686Z] Checked if tokens are valid: true, expires at: 1765594863542
[debug] [2025-12-13T02:01:12.686Z] >>> [apiv2][query] GET https://firestore.googleapis.com/v1/projects/coop-slaythespire/databases/(default) [none]
[debug] [2025-12-13T02:01:13.027Z] <<< [apiv2][status] GET https://firestore.googleapis.com/v1/projects/coop-slaythespire/databases/(default) 200
[debug] [2025-12-13T02:01:13.028Z] <<< [apiv2][body] GET https://firestore.googleapis.com/v1/projects/coop-slaythespire/databases/(default) {"name":"projects/coop-slaythespire/databases/(default)","uid":"2000fd10-7e26-4571-950c-a8ef636331ff","createTime":"2025-11-13T22:15:30.189866Z","updateTime":"2025-11-13T22:15:30.189866Z","locationId":"nam5","type":"FIRESTORE_NATIVE","concurrencyMode":"PESSIMISTIC","versionRetentionPeriod":"3600s","earliestVersionTime":"2025-12-13T01:01:13.045573Z","appEngineIntegrationMode":"DISABLED","keyPrefix":"s","pointInTimeRecoveryEnablement":"POINT_IN_TIME_RECOVERY_DISABLED","deleteProtectionState":"DELETE_PROTECTION_DISABLED","databaseEdition":"STANDARD","freeTier":true,"realtimeUpdatesMode":"REALTIME_UPDATES_MODE_ENABLED","etag":"IIb1l4W8uZEDMLjFocyT8JAD"}
[info] i  functions: ensuring required API run.googleapis.com is enabled... 
[info] i  functions: ensuring required API eventarc.googleapis.com is enabled... 
[info] i  functions: ensuring required API pubsub.googleapis.com is enabled... 
[info] i  functions: ensuring required API storage.googleapis.com is enabled... 
[info] i  functions: generating the service identity for pubsub.googleapis.com... 
[debug] [2025-12-13T02:01:13.030Z] Checked if tokens are valid: true, expires at: 1765594863542
[debug] [2025-12-13T02:01:13.030Z] Checked if tokens are valid: true, expires at: 1765594863542
[info] i  functions: generating the service identity for eventarc.googleapis.com... 
[debug] [2025-12-13T02:01:13.030Z] Checked if tokens are valid: true, expires at: 1765594863542
[debug] [2025-12-13T02:01:13.030Z] Checked if tokens are valid: true, expires at: 1765594863542
[debug] [2025-12-13T02:01:13.030Z] >>> [apiv2][query] POST https://serviceusage.googleapis.com/v1beta1/projects/783879862672/services/pubsub.googleapis.com:generateServiceIdentity [none]
[debug] [2025-12-13T02:01:13.030Z] >>> [apiv2][(partial)header] POST https://serviceusage.googleapis.com/v1beta1/projects/783879862672/services/pubsub.googleapis.com:generateServiceIdentity x-goog-quota-user=projects/783879862672
[debug] [2025-12-13T02:01:13.030Z] >>> [apiv2][body] POST https://serviceusage.googleapis.com/v1beta1/projects/783879862672/services/pubsub.googleapis.com:generateServiceIdentity {}
[debug] [2025-12-13T02:01:13.030Z] >>> [apiv2][query] POST https://serviceusage.googleapis.com/v1beta1/projects/783879862672/services/eventarc.googleapis.com:generateServiceIdentity [none]
[debug] [2025-12-13T02:01:13.031Z] >>> [apiv2][(partial)header] POST https://serviceusage.googleapis.com/v1beta1/projects/783879862672/services/eventarc.googleapis.com:generateServiceIdentity x-goog-quota-user=projects/783879862672
[debug] [2025-12-13T02:01:13.031Z] >>> [apiv2][body] POST https://serviceusage.googleapis.com/v1beta1/projects/783879862672/services/eventarc.googleapis.com:generateServiceIdentity {}
[debug] [2025-12-13T02:01:13.509Z] <<< [apiv2][status] POST https://serviceusage.googleapis.com/v1beta1/projects/783879862672/services/eventarc.googleapis.com:generateServiceIdentity 200
[debug] [2025-12-13T02:01:13.509Z] <<< [apiv2][body] POST https://serviceusage.googleapis.com/v1beta1/projects/783879862672/services/eventarc.googleapis.com:generateServiceIdentity {"name":"operations/finished.DONE_OPERATION","done":true,"response":{"@type":"type.googleapis.com/google.api.serviceusage.v1beta1.ServiceIdentity","email":"service-783879862672@gcp-sa-eventarc.iam.gserviceaccount.com","uniqueId":"116167815809349789020"}}
[debug] [2025-12-13T02:01:13.510Z] <<< [apiv2][status] POST https://serviceusage.googleapis.com/v1beta1/projects/783879862672/services/pubsub.googleapis.com:generateServiceIdentity 200
[debug] [2025-12-13T02:01:13.510Z] <<< [apiv2][body] POST https://serviceusage.googleapis.com/v1beta1/projects/783879862672/services/pubsub.googleapis.com:generateServiceIdentity {"name":"operations/finished.DONE_OPERATION","done":true,"response":{"@type":"type.googleapis.com/google.api.serviceusage.v1beta1.ServiceIdentity","email":"service-783879862672@gcp-sa-pubsub.iam.gserviceaccount.com","uniqueId":"101039595418579919177"}}
[debug] [2025-12-13T02:01:13.511Z] Checked if tokens are valid: true, expires at: 1765594863542
[debug] [2025-12-13T02:01:13.511Z] Checked if tokens are valid: true, expires at: 1765594863542
[debug] [2025-12-13T02:01:13.511Z] >>> [apiv2][query] GET https://cloudresourcemanager.googleapis.com/v1/projects/coop-slaythespire [none]
[debug] [2025-12-13T02:01:13.732Z] <<< [apiv2][status] GET https://cloudresourcemanager.googleapis.com/v1/projects/coop-slaythespire 200
[debug] [2025-12-13T02:01:13.732Z] <<< [apiv2][body] GET https://cloudresourcemanager.googleapis.com/v1/projects/coop-slaythespire {"projectNumber":"783879862672","projectId":"coop-slaythespire","lifecycleState":"ACTIVE","name":"coop-slaythespire","labels":{"firebase":"enabled","firebase-core":"disabled"},"createTime":"2025-11-13T22:12:10.550649Z"}
[debug] [2025-12-13T02:01:13.733Z] Checked if tokens are valid: true, expires at: 1765594863542
[debug] [2025-12-13T02:01:13.733Z] Checked if tokens are valid: true, expires at: 1765594863542
[debug] [2025-12-13T02:01:13.733Z] >>> [apiv2][query] GET https://compute.googleapis.com/compute/v1/projects/783879862672 [none]
[debug] [2025-12-13T02:01:13.841Z] <<< [apiv2][status] GET https://compute.googleapis.com/compute/v1/projects/783879862672 403
[debug] [2025-12-13T02:01:13.841Z] <<< [apiv2][body] GET https://compute.googleapis.com/compute/v1/projects/783879862672 {"error":{"code":403,"message":"Compute Engine API has not been used in project 783879862672 before or it is disabled. Enable it by visiting https://console.developers.google.com/apis/api/compute.googleapis.com/overview?project=783879862672 then retry. If you enabled this API recently, wait a few minutes for the action to propagate to our systems and retry.","errors":[{"message":"Compute Engine API has not been used in project 783879862672 before or it is disabled. Enable it by visiting https://console.developers.google.com/apis/api/compute.googleapis.com/overview?project=783879862672 then retry. If you enabled this API recently, wait a few minutes for the action to propagate to our systems and retry.","domain":"usageLimits","reason":"accessNotConfigured","extendedHelp":"https://console.developers.google.com"}],"status":"PERMISSION_DENIED","details":[{"@type":"type.googleapis.com/google.rpc.ErrorInfo","reason":"SERVICE_DISABLED","domain":"googleapis.com","metadata":{"serviceTitle":"Compute Engine API","activationUrl":"https://console.developers.google.com/apis/api/compute.googleapis.com/overview?project=783879862672","service":"compute.googleapis.com","consumer":"projects/783879862672","containerInfo":"783879862672"}},{"@type":"type.googleapis.com/google.rpc.LocalizedMessage","locale":"en-US","message":"Compute Engine API has not been used in project 783879862672 before or it is disabled. Enable it by visiting https://console.developers.google.com/apis/api/compute.googleapis.com/overview?project=783879862672 then retry. If you enabled this API recently, wait a few minutes for the action to propagate to our systems and retry."},{"@type":"type.googleapis.com/google.rpc.Help","links":[{"description":"Google developers console API activation","url":"https://console.developers.google.com/apis/api/compute.googleapis.com/overview?project=783879862672"}]}]}}
[debug] [2025-12-13T02:01:13.841Z] unable to look up default compute service account. Falling back to 783879862672-compute@developer.gserviceaccount.com. Error: {"name":"FirebaseError","children":[],"context":{"body":{"error":{"code":403,"message":"Compute Engine API has not been used in project 783879862672 before or it is disabled. Enable it by visiting https://console.developers.google.com/apis/api/compute.googleapis.com/overview?project=783879862672 then retry. If you enabled this API recently, wait a few minutes for the action to propagate to our systems and retry.","errors":[{"message":"Compute Engine API has not been used in project 783879862672 before or it is disabled. Enable it by visiting https://console.developers.google.com/apis/api/compute.googleapis.com/overview?project=783879862672 then retry. If you enabled this API recently, wait a few minutes for the action to propagate to our systems and retry.","domain":"usageLimits","reason":"accessNotConfigured","extendedHelp":"https://console.developers.google.com"}],"status":"PERMISSION_DENIED","details":[{"@type":"type.googleapis.com/google.rpc.ErrorInfo","reason":"SERVICE_DISABLED","domain":"googleapis.com","metadata":{"serviceTitle":"Compute Engine API","activationUrl":"https://console.developers.google.com/apis/api/compute.googleapis.com/overview?project=783879862672","service":"compute.googleapis.com","consumer":"projects/783879862672","containerInfo":"783879862672"}},{"@type":"type.googleapis.com/google.rpc.LocalizedMessage","locale":"en-US","message":"Compute Engine API has not been used in project 783879862672 before or it is disabled. Enable it by visiting https://console.developers.google.com/apis/api/compute.googleapis.com/overview?project=783879862672 then retry. If you enabled this API recently, wait a few minutes for the action to propagate to our systems and retry."},{"@type":"type.googleapis.com/google.rpc.Help","links":[{"description":"Google developers console API activation","url":"https://console.developers.google.com/apis/api/compute.googleapis.com/overview?project=783879862672"}]}]}},"response":{"statusCode":403}},"exit":1,"message":"Request to https://compute.googleapis.com/compute/v1/projects/783879862672 had HTTP Error: 403, Compute Engine API has not been used in project 783879862672 before or it is disabled. Enable it by visiting https://console.developers.google.com/apis/api/compute.googleapis.com/overview?project=783879862672 then retry. If you enabled this API recently, wait a few minutes for the action to propagate to our systems and retry.","status":403}
[debug] [2025-12-13T02:01:13.842Z] Checked if tokens are valid: true, expires at: 1765594863542
[debug] [2025-12-13T02:01:13.842Z] Checked if tokens are valid: true, expires at: 1765594863542
[debug] [2025-12-13T02:01:13.842Z] >>> [apiv2][query] POST https://cloudfunctions.googleapis.com/v2/projects/coop-slaythespire/locations/us-central1/functions:generateUploadUrl [none]
[debug] [2025-12-13T02:01:14.106Z] <<< [apiv2][status] POST https://cloudfunctions.googleapis.com/v2/projects/coop-slaythespire/locations/us-central1/functions:generateUploadUrl 200
[debug] [2025-12-13T02:01:14.106Z] <<< [apiv2][body] POST https://cloudfunctions.googleapis.com/v2/projects/coop-slaythespire/locations/us-central1/functions:generateUploadUrl {"uploadUrl":"https://storage.googleapis.com/gcf-v2-uploads-783879862672.us-central1.cloudfunctions.appspot.com/4f7f8fb1-252e-43d8-a21e-30e49d2b2906.zip?GoogleAccessId=service-783879862672@gcf-admin-robot.iam.gserviceaccount.com&Expires=1765593074&Signature=TFer4ThpGMYRPvH7zGPw506%2FK6ZMjpBZqhkCF8wfoUd0%2FplyuMvn0gH3GOptKACGhZpNQwHHF35KgUN46Ei2zH4fE1LJqr5bGB5amM5KJ7jcjU4bKDhnhoV4%2FucuVQZ%2BGA40zZlL%2FnZFzBxDwcoyQHO%2FN8%2FXDW8zfnttXe0L3c2BM%2BvTaEtPfEuy1jxbnx%2BhruuvMUWHaN6lt4CGKPEBAXpjOXMu8eLlGGJMh805DXcKeKkDhDcpc%2B9mMBcY8ZD3qEXGu86e8AS25r6MAa4Ktea4U3C1GGFBKm8BOYFaNL3PJP6dPzhFKXuWlRylr%2BgpDVkbWCGiA9CgDf3ZHVrk5g%3D%3D","storageSource":{"bucket":"gcf-v2-uploads-783879862672.us-central1.cloudfunctions.appspot.com","object":"4f7f8fb1-252e-43d8-a21e-30e49d2b2906.zip"}}
[debug] [2025-12-13T02:01:14.107Z] >>> [apiv2][query] PUT https://storage.googleapis.com/gcf-v2-uploads-783879862672.us-central1.cloudfunctions.appspot.com/4f7f8fb1-252e-43d8-a21e-30e49d2b2906.zip GoogleAccessId=service-783879862672%40gcf-admin-robot.iam.gserviceaccount.com&Expires=1765593074&Signature=TFer4ThpGMYRPvH7zGPw506%2FK6ZMjpBZqhkCF8wfoUd0%2FplyuMvn0gH3GOptKACGhZpNQwHHF35KgUN46Ei2zH4fE1LJqr5bGB5amM5KJ7jcjU4bKDhnhoV4%2FucuVQZ%2BGA40zZlL%2FnZFzBxDwcoyQHO%2FN8%2FXDW8zfnttXe0L3c2BM%2BvTaEtPfEuy1jxbnx%2BhruuvMUWHaN6lt4CGKPEBAXpjOXMu8eLlGGJMh805DXcKeKkDhDcpc%2B9mMBcY8ZD3qEXGu86e8AS25r6MAa4Ktea4U3C1GGFBKm8BOYFaNL3PJP6dPzhFKXuWlRylr%2BgpDVkbWCGiA9CgDf3ZHVrk5g%3D%3D
[debug] [2025-12-13T02:01:14.107Z] >>> [apiv2][body] PUT https://storage.googleapis.com/gcf-v2-uploads-783879862672.us-central1.cloudfunctions.appspot.com/4f7f8fb1-252e-43d8-a21e-30e49d2b2906.zip [stream]
[debug] [2025-12-13T02:01:14.291Z] <<< [apiv2][status] PUT https://storage.googleapis.com/gcf-v2-uploads-783879862672.us-central1.cloudfunctions.appspot.com/4f7f8fb1-252e-43d8-a21e-30e49d2b2906.zip 200
[debug] [2025-12-13T02:01:14.291Z] <<< [apiv2][body] PUT https://storage.googleapis.com/gcf-v2-uploads-783879862672.us-central1.cloudfunctions.appspot.com/4f7f8fb1-252e-43d8-a21e-30e49d2b2906.zip [omitted]
[info] ✔  functions: functions source uploaded successfully 
[info] i  functions: updating Node.js 20 (2nd Gen) function sendNotification(us-central1)... 
[debug] [2025-12-13T02:01:14.293Z] Checked if tokens are valid: true, expires at: 1765594863542
[debug] [2025-12-13T02:01:14.293Z] Checked if tokens are valid: true, expires at: 1765594863542
[debug] [2025-12-13T02:01:14.293Z] >>> [apiv2][query] PATCH https://cloudfunctions.googleapis.com/v2/projects/coop-slaythespire/locations/us-central1/functions/sendNotification updateMask=name%2CbuildConfig.runtime%2CbuildConfig.entryPoint%2CbuildConfig.source.storageSource.bucket%2CbuildConfig.source.storageSource.object%2CbuildConfig.environmentVariables%2CserviceConfig.environmentVariables%2CserviceConfig.ingressSettings%2CserviceConfig.timeoutSeconds%2CserviceConfig.serviceAccountEmail%2CserviceConfig.availableMemory%2CserviceConfig.minInstanceCount%2CserviceConfig.maxInstanceCount%2CserviceConfig.maxInstanceRequestConcurrency%2CserviceConfig.availableCpu%2CserviceConfig.vpcConnector%2CserviceConfig.vpcConnectorEgressSettings%2Clabels%2CeventTrigger.eventType%2CeventTrigger.retryPolicy%2CeventTrigger.eventFilters%2CeventTrigger.triggerRegion
[debug] [2025-12-13T02:01:14.293Z] >>> [apiv2][body] PATCH https://cloudfunctions.googleapis.com/v2/projects/coop-slaythespire/locations/us-central1/functions/sendNotification {"name":"projects/coop-slaythespire/locations/us-central1/functions/sendNotification","buildConfig":{"runtime":"nodejs20","entryPoint":"sendNotification","source":{"storageSource":{"bucket":"gcf-v2-uploads-783879862672.us-central1.cloudfunctions.appspot.com","object":"4f7f8fb1-252e-43d8-a21e-30e49d2b2906.zip"}},"environmentVariables":{"GOOGLE_NODE_RUN_SCRIPTS":""}},"serviceConfig":{"environmentVariables":{"FIREBASE_CONFIG":"{\"projectId\":\"coop-slaythespire\",\"storageBucket\":\"coop-slaythespire.firebasestorage.app\"}","GCLOUD_PROJECT":"coop-slaythespire","EVENTARC_CLOUD_EVENT_SOURCE":"projects/coop-slaythespire/locations/us-central1/services/sendNotification","FUNCTION_SIGNATURE_TYPE":"cloudevent","FUNCTION_TARGET":"sendNotification","LOG_EXECUTION_ID":"true"},"ingressSettings":null,"timeoutSeconds":null,"serviceAccountEmail":null,"availableMemory":"256Mi","minInstanceCount":null,"maxInstanceCount":null,"maxInstanceRequestConcurrency":80,"availableCpu":"1","vpcConnector":null,"vpcConnectorEgressSettings":null},"labels":{"deployment-tool":"cli-firebase","firebase-functions-hash":"1bc4a223f90c2c9738509596d952622acd8173a8"},"eventTrigger":{"eventType":"google.cloud.firestore.document.v1.created","retryPolicy":"RETRY_POLICY_DO_NOT_RETRY","eventFilters":[{"attribute":"database","value":"(default)"},{"attribute":"namespace","value":"(default)"},{"attribute":"document","value":"notificationRequests/{docId}","operator":"match-path-pattern"}],"triggerRegion":"nam5"}}
[debug] [2025-12-13T02:01:15.368Z] <<< [apiv2][status] PATCH https://cloudfunctions.googleapis.com/v2/projects/coop-slaythespire/locations/us-central1/functions/sendNotification 200
[debug] [2025-12-13T02:01:15.368Z] <<< [apiv2][body] PATCH https://cloudfunctions.googleapis.com/v2/projects/coop-slaythespire/locations/us-central1/functions/sendNotification {"name":"projects/coop-slaythespire/locations/us-central1/operations/operation-1765591274514-645cbc0bc6838-48f41cac-5e3d661d","metadata":{"@type":"type.googleapis.com/google.cloud.functions.v2.OperationMetadata","createTime":"2025-12-13T02:01:15.381027457Z","target":"projects/coop-slaythespire/locations/us-central1/functions/sendNotification","verb":"update","cancelRequested":false,"apiVersion":"v2"},"done":false}
[debug] [2025-12-13T02:01:15.368Z] Checked if tokens are valid: true, expires at: 1765594863542
[debug] [2025-12-13T02:01:15.368Z] Checked if tokens are valid: true, expires at: 1765594863542
[debug] [2025-12-13T02:01:15.368Z] >>> [apiv2][query] GET https://cloudfunctions.googleapis.com/v2/projects/coop-slaythespire/locations/us-central1/operations/operation-1765591274514-645cbc0bc6838-48f41cac-5e3d661d [none]
[debug] [2025-12-13T02:01:15.571Z] <<< [apiv2][status] GET https://cloudfunctions.googleapis.com/v2/projects/coop-slaythespire/locations/us-central1/operations/operation-1765591274514-645cbc0bc6838-48f41cac-5e3d661d 200
[debug] [2025-12-13T02:01:15.571Z] <<< [apiv2][body] GET https://cloudfunctions.googleapis.com/v2/projects/coop-slaythespire/locations/us-central1/operations/operation-1765591274514-645cbc0bc6838-48f41cac-5e3d661d {"name":"projects/coop-slaythespire/locations/us-central1/operations/operation-1765591274514-645cbc0bc6838-48f41cac-5e3d661d","metadata":{"@type":"type.googleapis.com/google.cloud.functions.v2.OperationMetadata","createTime":"2025-12-13T02:01:15.381027457Z","target":"projects/coop-slaythespire/locations/us-central1/functions/sendNotification","verb":"update","cancelRequested":false,"apiVersion":"v2","requestResource":{"@type":"type.googleapis.com/google.cloud.functions.v2.Function","name":"projects/coop-slaythespire/locations/us-central1/functions/sendNotification","buildConfig":{"runtime":"nodejs20","entryPoint":"sendNotification","source":{"storageSource":{"bucket":"gcf-v2-sources-783879862672-us-central1","object":"sendNotification/function-source.zip","generation":"1765591275331457"}},"environmentVariables":{"GOOGLE_NODE_RUN_SCRIPTS":""},"dockerRepository":"projects/coop-slaythespire/locations/us-central1/repositories/gcf-artifacts","sourceProvenance":{"resolvedStorageSource":{"bucket":"gcf-v2-sources-783879862672-us-central1","object":"sendNotification/function-source.zip","generation":"1765425174781740"}},"dockerRegistry":"ARTIFACT_REGISTRY","serviceAccount":"projects/coop-slaythespire/serviceAccounts/783879862672-compute@developer.gserviceaccount.com","automaticUpdatePolicy":{}},"serviceConfig":{"service":"projects/coop-slaythespire/locations/us-central1/services/sendnotification","timeoutSeconds":60,"environmentVariables":{"FIREBASE_CONFIG":"{\"projectId\":\"coop-slaythespire\",\"storageBucket\":\"coop-slaythespire.firebasestorage.app\"}","GCLOUD_PROJECT":"coop-slaythespire","EVENTARC_CLOUD_EVENT_SOURCE":"projects/coop-slaythespire/locations/us-central1/services/sendNotification","FUNCTION_SIGNATURE_TYPE":"cloudevent","FUNCTION_TARGET":"sendNotification","LOG_EXECUTION_ID":"true"},"ingressSettings":"ALLOW_ALL","uri":"https://sendnotification-bjf2sdznfa-uc.a.run.app","serviceAccountEmail":"783879862672-compute@developer.gserviceaccount.com","availableMemory":"256Mi","allTrafficOnLatestRevision":true,"revision":"sendnotification-00001-wuj","maxInstanceRequestConcurrency":80,"availableCpu":"1"},"eventTrigger":{"trigger":"projects/coop-slaythespire/locations/nam5/triggers/sendnotification-332346","triggerRegion":"nam5","eventType":"google.cloud.firestore.document.v1.created","eventFilters":[{"attribute":"database","value":"(default)"},{"attribute":"namespace","value":"(default)"},{"attribute":"document","value":"notificationRequests/{docId}","operator":"match-path-pattern"}],"pubsubTopic":"projects/coop-slaythespire/topics/eventarc-nam5-sendnotification-332346-462","serviceAccountEmail":"783879862672-compute@developer.gserviceaccount.com","retryPolicy":"RETRY_POLICY_DO_NOT_RETRY"},"state":"ACTIVE","labels":{"deployment-tool":"cli-firebase","firebase-functions-hash":"1bc4a223f90c2c9738509596d952622acd8173a8"},"environment":"GEN_2","url":"https://us-central1-coop-slaythespire.cloudfunctions.net/sendNotification","satisfiesPzi":true},"stages":[{"name":"BUILD","state":"NOT_STARTED"},{"name":"SERVICE","state":"NOT_STARTED"},{"name":"TRIGGER","state":"NOT_STARTED"}],"operationType":"UPDATE_FUNCTION"},"done":false}
[debug] [2025-12-13T02:01:16.073Z] [update-default-us-central1-sendNotification] Retrying task index 0
[debug] [2025-12-13T02:01:16.074Z] Checked if tokens are valid: true, expires at: 1765594863542
[debug] [2025-12-13T02:01:16.074Z] Checked if tokens are valid: true, expires at: 1765594863542
[debug] [2025-12-13T02:01:16.074Z] >>> [apiv2][query] GET https://cloudfunctions.googleapis.com/v2/projects/coop-slaythespire/locations/us-central1/operations/operation-1765591274514-645cbc0bc6838-48f41cac-5e3d661d [none]
[debug] [2025-12-13T02:01:16.351Z] <<< [apiv2][status] GET https://cloudfunctions.googleapis.com/v2/projects/coop-slaythespire/locations/us-central1/operations/operation-1765591274514-645cbc0bc6838-48f41cac-5e3d661d 200
[debug] [2025-12-13T02:01:16.351Z] <<< [apiv2][body] GET https://cloudfunctions.googleapis.com/v2/projects/coop-slaythespire/locations/us-central1/operations/operation-1765591274514-645cbc0bc6838-48f41cac-5e3d661d {"name":"projects/coop-slaythespire/locations/us-central1/operations/operation-1765591274514-645cbc0bc6838-48f41cac-5e3d661d","metadata":{"@type":"type.googleapis.com/google.cloud.functions.v2.OperationMetadata","createTime":"2025-12-13T02:01:15.381027457Z","target":"projects/coop-slaythespire/locations/us-central1/functions/sendNotification","verb":"update","cancelRequested":false,"apiVersion":"v2","requestResource":{"@type":"type.googleapis.com/google.cloud.functions.v2.Function","name":"projects/coop-slaythespire/locations/us-central1/functions/sendNotification","buildConfig":{"runtime":"nodejs20","entryPoint":"sendNotification","source":{"storageSource":{"bucket":"gcf-v2-sources-783879862672-us-central1","object":"sendNotification/function-source.zip","generation":"1765591275331457"}},"environmentVariables":{"GOOGLE_NODE_RUN_SCRIPTS":""},"dockerRepository":"projects/coop-slaythespire/locations/us-central1/repositories/gcf-artifacts","sourceProvenance":{"resolvedStorageSource":{"bucket":"gcf-v2-sources-783879862672-us-central1","object":"sendNotification/function-source.zip","generation":"1765425174781740"}},"dockerRegistry":"ARTIFACT_REGISTRY","serviceAccount":"projects/coop-slaythespire/serviceAccounts/783879862672-compute@developer.gserviceaccount.com","automaticUpdatePolicy":{}},"serviceConfig":{"service":"projects/coop-slaythespire/locations/us-central1/services/sendnotification","timeoutSeconds":60,"environmentVariables":{"FIREBASE_CONFIG":"{\"projectId\":\"coop-slaythespire\",\"storageBucket\":\"coop-slaythespire.firebasestorage.app\"}","GCLOUD_PROJECT":"coop-slaythespire","EVENTARC_CLOUD_EVENT_SOURCE":"projects/coop-slaythespire/locations/us-central1/services/sendNotification","FUNCTION_SIGNATURE_TYPE":"cloudevent","FUNCTION_TARGET":"sendNotification","LOG_EXECUTION_ID":"true"},"ingressSettings":"ALLOW_ALL","uri":"https://sendnotification-bjf2sdznfa-uc.a.run.app","serviceAccountEmail":"783879862672-compute@developer.gserviceaccount.com","availableMemory":"256Mi","allTrafficOnLatestRevision":true,"revision":"sendnotification-00001-wuj","maxInstanceRequestConcurrency":80,"availableCpu":"1"},"eventTrigger":{"trigger":"projects/coop-slaythespire/locations/nam5/triggers/sendnotification-332346","triggerRegion":"nam5","eventType":"google.cloud.firestore.document.v1.created","eventFilters":[{"attribute":"database","value":"(default)"},{"attribute":"namespace","value":"(default)"},{"attribute":"document","value":"notificationRequests/{docId}","operator":"match-path-pattern"}],"pubsubTopic":"projects/coop-slaythespire/topics/eventarc-nam5-sendnotification-332346-462","serviceAccountEmail":"783879862672-compute@developer.gserviceaccount.com","retryPolicy":"RETRY_POLICY_DO_NOT_RETRY"},"state":"ACTIVE","labels":{"deployment-tool":"cli-firebase","firebase-functions-hash":"1bc4a223f90c2c9738509596d952622acd8173a8"},"environment":"GEN_2","url":"https://us-central1-coop-slaythespire.cloudfunctions.net/sendNotification","satisfiesPzi":true},"stages":[{"name":"BUILD","message":"Creating build","state":"IN_PROGRESS","resource":"projects/783879862672/locations/us-central1/builds/076f2892-e6e7-4656-b12d-4b7f4dc27536","resourceUri":"https://console.cloud.google.com/cloud-build/builds;region=us-central1/076f2892-e6e7-4656-b12d-4b7f4dc27536?project=783879862672"},{"name":"SERVICE","state":"NOT_STARTED"},{"name":"TRIGGER","state":"NOT_STARTED"}],"operationType":"UPDATE_FUNCTION","buildName":"projects/783879862672/locations/us-central1/builds/076f2892-e6e7-4656-b12d-4b7f4dc27536"},"done":false}
[debug] [2025-12-13T02:01:17.352Z] [update-default-us-central1-sendNotification] Retrying task index 0
[debug] [2025-12-13T02:01:17.352Z] Checked if tokens are valid: true, expires at: 1765594863542
[debug] [2025-12-13T02:01:17.352Z] Checked if tokens are valid: true, expires at: 1765594863542
[debug] [2025-12-13T02:01:17.352Z] >>> [apiv2][query] GET https://cloudfunctions.googleapis.com/v2/projects/coop-slaythespire/locations/us-central1/operations/operation-1765591274514-645cbc0bc6838-48f41cac-5e3d661d [none]
[debug] [2025-12-13T02:01:17.608Z] <<< [apiv2][status] GET https://cloudfunctions.googleapis.com/v2/projects/coop-slaythespire/locations/us-central1/operations/operation-1765591274514-645cbc0bc6838-48f41cac-5e3d661d 200
[debug] [2025-12-13T02:01:17.608Z] <<< [apiv2][body] GET https://cloudfunctions.googleapis.com/v2/projects/coop-slaythespire/locations/us-central1/operations/operation-1765591274514-645cbc0bc6838-48f41cac-5e3d661d {"name":"projects/coop-slaythespire/locations/us-central1/operations/operation-1765591274514-645cbc0bc6838-48f41cac-5e3d661d","metadata":{"@type":"type.googleapis.com/google.cloud.functions.v2.OperationMetadata","createTime":"2025-12-13T02:01:15.381027457Z","target":"projects/coop-slaythespire/locations/us-central1/functions/sendNotification","verb":"update","cancelRequested":false,"apiVersion":"v2","requestResource":{"@type":"type.googleapis.com/google.cloud.functions.v2.Function","name":"projects/coop-slaythespire/locations/us-central1/functions/sendNotification","buildConfig":{"runtime":"nodejs20","entryPoint":"sendNotification","source":{"storageSource":{"bucket":"gcf-v2-sources-783879862672-us-central1","object":"sendNotification/function-source.zip","generation":"1765591275331457"}},"environmentVariables":{"GOOGLE_NODE_RUN_SCRIPTS":""},"dockerRepository":"projects/coop-slaythespire/locations/us-central1/repositories/gcf-artifacts","sourceProvenance":{"resolvedStorageSource":{"bucket":"gcf-v2-sources-783879862672-us-central1","object":"sendNotification/function-source.zip","generation":"1765425174781740"}},"dockerRegistry":"ARTIFACT_REGISTRY","serviceAccount":"projects/coop-slaythespire/serviceAccounts/783879862672-compute@developer.gserviceaccount.com","automaticUpdatePolicy":{}},"serviceConfig":{"service":"projects/coop-slaythespire/locations/us-central1/services/sendnotification","timeoutSeconds":60,"environmentVariables":{"FIREBASE_CONFIG":"{\"projectId\":\"coop-slaythespire\",\"storageBucket\":\"coop-slaythespire.firebasestorage.app\"}","GCLOUD_PROJECT":"coop-slaythespire","EVENTARC_CLOUD_EVENT_SOURCE":"projects/coop-slaythespire/locations/us-central1/services/sendNotification","FUNCTION_SIGNATURE_TYPE":"cloudevent","FUNCTION_TARGET":"sendNotification","LOG_EXECUTION_ID":"true"},"ingressSettings":"ALLOW_ALL","uri":"https://sendnotification-bjf2sdznfa-uc.a.run.app","serviceAccountEmail":"783879862672-compute@developer.gserviceaccount.com","availableMemory":"256Mi","allTrafficOnLatestRevision":true,"revision":"sendnotification-00001-wuj","maxInstanceRequestConcurrency":80,"availableCpu":"1"},"eventTrigger":{"trigger":"projects/coop-slaythespire/locations/nam5/triggers/sendnotification-332346","triggerRegion":"nam5","eventType":"google.cloud.firestore.document.v1.created","eventFilters":[{"attribute":"database","value":"(default)"},{"attribute":"namespace","value":"(default)"},{"attribute":"document","value":"notificationRequests/{docId}","operator":"match-path-pattern"}],"pubsubTopic":"projects/coop-slaythespire/topics/eventarc-nam5-sendnotification-332346-462","serviceAccountEmail":"783879862672-compute@developer.gserviceaccount.com","retryPolicy":"RETRY_POLICY_DO_NOT_RETRY"},"state":"ACTIVE","labels":{"deployment-tool":"cli-firebase","firebase-functions-hash":"1bc4a223f90c2c9738509596d952622acd8173a8"},"environment":"GEN_2","url":"https://us-central1-coop-slaythespire.cloudfunctions.net/sendNotification","satisfiesPzi":true},"stages":[{"name":"BUILD","message":"Build in progress","state":"IN_PROGRESS","resource":"projects/783879862672/locations/us-central1/builds/076f2892-e6e7-4656-b12d-4b7f4dc27536","resourceUri":"https://console.cloud.google.com/cloud-build/builds;region=us-central1/076f2892-e6e7-4656-b12d-4b7f4dc27536?project=783879862672"},{"name":"SERVICE","state":"NOT_STARTED"},{"name":"TRIGGER","state":"NOT_STARTED"}],"operationType":"UPDATE_FUNCTION","buildName":"projects/783879862672/locations/us-central1/builds/076f2892-e6e7-4656-b12d-4b7f4dc27536"},"done":false}
[debug] [2025-12-13T02:01:19.609Z] [update-default-us-central1-sendNotification] Retrying task index 0
[debug] [2025-12-13T02:01:19.609Z] Checked if tokens are valid: true, expires at: 1765594863542
[debug] [2025-12-13T02:01:19.609Z] Checked if tokens are valid: true, expires at: 1765594863542
[debug] [2025-12-13T02:01:19.610Z] >>> [apiv2][query] GET https://cloudfunctions.googleapis.com/v2/projects/coop-slaythespire/locations/us-central1/operations/operation-1765591274514-645cbc0bc6838-48f41cac-5e3d661d [none]
[debug] [2025-12-13T02:01:19.809Z] <<< [apiv2][status] GET https://cloudfunctions.googleapis.com/v2/projects/coop-slaythespire/locations/us-central1/operations/operation-1765591274514-645cbc0bc6838-48f41cac-5e3d661d 200
[debug] [2025-12-13T02:01:19.809Z] <<< [apiv2][body] GET https://cloudfunctions.googleapis.com/v2/projects/coop-slaythespire/locations/us-central1/operations/operation-1765591274514-645cbc0bc6838-48f41cac-5e3d661d {"name":"projects/coop-slaythespire/locations/us-central1/operations/operation-1765591274514-645cbc0bc6838-48f41cac-5e3d661d","metadata":{"@type":"type.googleapis.com/google.cloud.functions.v2.OperationMetadata","createTime":"2025-12-13T02:01:15.381027457Z","target":"projects/coop-slaythespire/locations/us-central1/functions/sendNotification","verb":"update","cancelRequested":false,"apiVersion":"v2","requestResource":{"@type":"type.googleapis.com/google.cloud.functions.v2.Function","name":"projects/coop-slaythespire/locations/us-central1/functions/sendNotification","buildConfig":{"runtime":"nodejs20","entryPoint":"sendNotification","source":{"storageSource":{"bucket":"gcf-v2-sources-783879862672-us-central1","object":"sendNotification/function-source.zip","generation":"1765591275331457"}},"environmentVariables":{"GOOGLE_NODE_RUN_SCRIPTS":""},"dockerRepository":"projects/coop-slaythespire/locations/us-central1/repositories/gcf-artifacts","sourceProvenance":{"resolvedStorageSource":{"bucket":"gcf-v2-sources-783879862672-us-central1","object":"sendNotification/function-source.zip","generation":"1765425174781740"}},"dockerRegistry":"ARTIFACT_REGISTRY","serviceAccount":"projects/coop-slaythespire/serviceAccounts/783879862672-compute@developer.gserviceaccount.com","automaticUpdatePolicy":{}},"serviceConfig":{"service":"projects/coop-slaythespire/locations/us-central1/services/sendnotification","timeoutSeconds":60,"environmentVariables":{"FIREBASE_CONFIG":"{\"projectId\":\"coop-slaythespire\",\"storageBucket\":\"coop-slaythespire.firebasestorage.app\"}","GCLOUD_PROJECT":"coop-slaythespire","EVENTARC_CLOUD_EVENT_SOURCE":"projects/coop-slaythespire/locations/us-central1/services/sendNotification","FUNCTION_SIGNATURE_TYPE":"cloudevent","FUNCTION_TARGET":"sendNotification","LOG_EXECUTION_ID":"true"},"ingressSettings":"ALLOW_ALL","uri":"https://sendnotification-bjf2sdznfa-uc.a.run.app","serviceAccountEmail":"783879862672-compute@developer.gserviceaccount.com","availableMemory":"256Mi","allTrafficOnLatestRevision":true,"revision":"sendnotification-00001-wuj","maxInstanceRequestConcurrency":80,"availableCpu":"1"},"eventTrigger":{"trigger":"projects/coop-slaythespire/locations/nam5/triggers/sendnotification-332346","triggerRegion":"nam5","eventType":"google.cloud.firestore.document.v1.created","eventFilters":[{"attribute":"database","value":"(default)"},{"attribute":"namespace","value":"(default)"},{"attribute":"document","value":"notificationRequests/{docId}","operator":"match-path-pattern"}],"pubsubTopic":"projects/coop-slaythespire/topics/eventarc-nam5-sendnotification-332346-462","serviceAccountEmail":"783879862672-compute@developer.gserviceaccount.com","retryPolicy":"RETRY_POLICY_DO_NOT_RETRY"},"state":"ACTIVE","labels":{"deployment-tool":"cli-firebase","firebase-functions-hash":"1bc4a223f90c2c9738509596d952622acd8173a8"},"environment":"GEN_2","url":"https://us-central1-coop-slaythespire.cloudfunctions.net/sendNotification","satisfiesPzi":true},"stages":[{"name":"BUILD","message":"Build in progress","state":"IN_PROGRESS","resource":"projects/783879862672/locations/us-central1/builds/076f2892-e6e7-4656-b12d-4b7f4dc27536","resourceUri":"https://console.cloud.google.com/cloud-build/builds;region=us-central1/076f2892-e6e7-4656-b12d-4b7f4dc27536?project=783879862672"},{"name":"SERVICE","state":"NOT_STARTED"},{"name":"TRIGGER","state":"NOT_STARTED"}],"operationType":"UPDATE_FUNCTION","buildName":"projects/783879862672/locations/us-central1/builds/076f2892-e6e7-4656-b12d-4b7f4dc27536"},"done":false}
[debug] [2025-12-13T02:01:23.810Z] [update-default-us-central1-sendNotification] Retrying task index 0
[debug] [2025-12-13T02:01:23.810Z] Checked if tokens are valid: true, expires at: 1765594863542
[debug] [2025-12-13T02:01:23.810Z] Checked if tokens are valid: true, expires at: 1765594863542
[debug] [2025-12-13T02:01:23.810Z] >>> [apiv2][query] GET https://cloudfunctions.googleapis.com/v2/projects/coop-slaythespire/locations/us-central1/operations/operation-1765591274514-645cbc0bc6838-48f41cac-5e3d661d [none]
[debug] [2025-12-13T02:01:24.007Z] <<< [apiv2][status] GET https://cloudfunctions.googleapis.com/v2/projects/coop-slaythespire/locations/us-central1/operations/operation-1765591274514-645cbc0bc6838-48f41cac-5e3d661d 200
[debug] [2025-12-13T02:01:24.007Z] <<< [apiv2][body] GET https://cloudfunctions.googleapis.com/v2/projects/coop-slaythespire/locations/us-central1/operations/operation-1765591274514-645cbc0bc6838-48f41cac-5e3d661d {"name":"projects/coop-slaythespire/locations/us-central1/operations/operation-1765591274514-645cbc0bc6838-48f41cac-5e3d661d","metadata":{"@type":"type.googleapis.com/google.cloud.functions.v2.OperationMetadata","createTime":"2025-12-13T02:01:15.381027457Z","target":"projects/coop-slaythespire/locations/us-central1/functions/sendNotification","verb":"update","cancelRequested":false,"apiVersion":"v2","requestResource":{"@type":"type.googleapis.com/google.cloud.functions.v2.Function","name":"projects/coop-slaythespire/locations/us-central1/functions/sendNotification","buildConfig":{"runtime":"nodejs20","entryPoint":"sendNotification","source":{"storageSource":{"bucket":"gcf-v2-sources-783879862672-us-central1","object":"sendNotification/function-source.zip","generation":"1765591275331457"}},"environmentVariables":{"GOOGLE_NODE_RUN_SCRIPTS":""},"dockerRepository":"projects/coop-slaythespire/locations/us-central1/repositories/gcf-artifacts","sourceProvenance":{"resolvedStorageSource":{"bucket":"gcf-v2-sources-783879862672-us-central1","object":"sendNotification/function-source.zip","generation":"1765425174781740"}},"dockerRegistry":"ARTIFACT_REGISTRY","serviceAccount":"projects/coop-slaythespire/serviceAccounts/783879862672-compute@developer.gserviceaccount.com","automaticUpdatePolicy":{}},"serviceConfig":{"service":"projects/coop-slaythespire/locations/us-central1/services/sendnotification","timeoutSeconds":60,"environmentVariables":{"FIREBASE_CONFIG":"{\"projectId\":\"coop-slaythespire\",\"storageBucket\":\"coop-slaythespire.firebasestorage.app\"}","GCLOUD_PROJECT":"coop-slaythespire","EVENTARC_CLOUD_EVENT_SOURCE":"projects/coop-slaythespire/locations/us-central1/services/sendNotification","FUNCTION_SIGNATURE_TYPE":"cloudevent","FUNCTION_TARGET":"sendNotification","LOG_EXECUTION_ID":"true"},"ingressSettings":"ALLOW_ALL","uri":"https://sendnotification-bjf2sdznfa-uc.a.run.app","serviceAccountEmail":"783879862672-compute@developer.gserviceaccount.com","availableMemory":"256Mi","allTrafficOnLatestRevision":true,"revision":"sendnotification-00001-wuj","maxInstanceRequestConcurrency":80,"availableCpu":"1"},"eventTrigger":{"trigger":"projects/coop-slaythespire/locations/nam5/triggers/sendnotification-332346","triggerRegion":"nam5","eventType":"google.cloud.firestore.document.v1.created","eventFilters":[{"attribute":"database","value":"(default)"},{"attribute":"namespace","value":"(default)"},{"attribute":"document","value":"notificationRequests/{docId}","operator":"match-path-pattern"}],"pubsubTopic":"projects/coop-slaythespire/topics/eventarc-nam5-sendnotification-332346-462","serviceAccountEmail":"783879862672-compute@developer.gserviceaccount.com","retryPolicy":"RETRY_POLICY_DO_NOT_RETRY"},"state":"ACTIVE","labels":{"deployment-tool":"cli-firebase","firebase-functions-hash":"1bc4a223f90c2c9738509596d952622acd8173a8"},"environment":"GEN_2","url":"https://us-central1-coop-slaythespire.cloudfunctions.net/sendNotification","satisfiesPzi":true},"stages":[{"name":"BUILD","message":"Build in progress","state":"IN_PROGRESS","resource":"projects/783879862672/locations/us-central1/builds/076f2892-e6e7-4656-b12d-4b7f4dc27536","resourceUri":"https://console.cloud.google.com/cloud-build/builds;region=us-central1/076f2892-e6e7-4656-b12d-4b7f4dc27536?project=783879862672"},{"name":"SERVICE","state":"NOT_STARTED"},{"name":"TRIGGER","state":"NOT_STARTED"}],"operationType":"UPDATE_FUNCTION","buildName":"projects/783879862672/locations/us-central1/builds/076f2892-e6e7-4656-b12d-4b7f4dc27536"},"done":false}
